// Jest Snapshot v1, https://goo.gl/fbAQLP

exports[`AlgebraFactory #createPool gas [ @skip-on-coverage ] 1`] = `4600525`;

exports[`AlgebraFactory #createPool gas for second pool [ @skip-on-coverage ] 1`] = `4600525`;

exports[`AlgebraFactory factory bytecode size  [ @skip-on-coverage ] 1`] = `11252`;

exports[`AlgebraFactory pool bytecode size  [ @skip-on-coverage ] 1`] = `21607`;
