// Jest Snapshot v1, https://goo.gl/fbAQLP

exports[`TickLens #getClosestActiveTicks gas for almost all tick space [ @skip-on-coverage ] 1`] = `31550`;

exports[`TickLens #getNextActiveTicks gas for single populated tick [ @skip-on-coverage ] 1`] = `22186`;

exports[`TickLens #getPopulatedTicksInWord gas for single populated tick [ @skip-on-coverage ] 1`] = `53734`;
